node.exe : ÔÜá 
Warning: Next.js 
inferred your 
workspace root, but 
it may not be 
correct.
Au caractère 
Ligne:1 : 1
+ & "C:\Program File
s\nodejs/node.exe" 
"C:\Program Files\no
dejs/node_mo ...
+ ~~~~~~~~~~~~~~~~~~
~~~~~~~~~~~~~~~~~~~~
~~~~~~~~~~~~~~~~~~~~
~~~~~~~~~~~
    + CategoryInfo  
            : NotS  
  pecified: (ÔÜá    
 Warning: Ne...n    
ot be correct.:    
String) [], Rem    
oteException
    + FullyQualifie 
   dErrorId : Nati  
  veCommandError
 
 We detected 
multiple lockfiles 
and selected the 
directory of C:\User
s\marti\package-lock
.json as the root 
directory.
 To silence this 
warning, set 
`turbopack.root` in 
your Next.js 
config, or consider 
removing one of the 
lockfiles if it's 
not needed.
   See https://nextj
s.org/docs/app/api-r
eference/config/next
-config-js/turbopack
#root-directory for 
more information.
 Detected 
additional 
lockfiles: 
   * C:\Users\marti\
Desktop\Code\Mosh\ug
c\package-lock.json

Ôû▓ Next.js 16.1.6 (Turbopack)
- Environments: .env.local

ÔÜá The 
"middleware" file 
convention is 
deprecated. Please 
use "proxy" 
instead. Learn 
more: https://nextjs
.org/docs/messages/m
iddleware-to-proxy
  Creating an optimized production build ...
Ô£ô Compiled successfully in 4.0s
  Running TypeScript ...
Failed to compile.

./src/components/con
tracts/ContractModal
.tsx:78:13
Type error: Object 
literal may only 
specify known 
properties, and 'BRA
ND_COMPANY_NAME' 
does not exist in 
type 
'ContractVariables'.

[0m [90m 76 
|[39m             
[33mCONTRACT_ID[39m
[33m:[39m 
[32m'(sera 
g├®n├®r├® ├á la sign
ature)'[39m[33m,[
39m
 [90m 77 |[39m    
         [33mCONTRA
CT_DATE[39m[33m:[
39m [36mnew[39m [
33mDate[39m()[33m.
[39mtoLocaleDateStr
ing([32m'fr-CH'[39
m)[33m,[39m
[31m[1m>[22m[39m
[90m 78 |[39m     
        [33mBRAND_C
OMPANY_NAME[39m[33
m:[39m data[33m.[
39mbrandName[33m,[
39m
 [90m    |[39m    
         
[31m[1m^[22m[39m
 [90m 79 |[39m    
         [33mBRAND_
CONTACT_NAME[39m[3
3m:[39m data[33m.
[39mbrandContact[33
m,[39m
 [90m 80 |[39m    
         [33mBRAND_
ADDRESS[39m[33m:[
39m [32m'(adresse 
du profil)'[39m[33
m,[39m
 [90m 81 |[39m    
         [33mBRAND_
EMAIL[39m[33m:[39
m [32m'(email du co
mpte)'[39m[33m,[3
9m[0m
Next.js build 
worker exited with 
code: 1 and signal: 
null
